2024-09-26 22:12:42,715 - BirdClimateDataProcessor - INFO - Starting Bird-Climate Data Processing Pipeline...
2024-09-26 22:15:12,020 - BirdClimateDataProcessor - INFO - Starting Bird-Climate Data Processing Pipeline...
2024-09-26 22:15:12,021 - BirdClimateDataProcessor - INFO - Loading raw bird data from data/bird_data/raw/occurrence.txt...
2024-09-26 22:15:12,621 - BirdClimateDataProcessor - INFO - Cleaning dataset...
2024-09-26 22:15:12,760 - BirdClimateDataProcessor - INFO - Cleaned bird data shape: (27989, 5)
2024-09-26 22:15:12,831 - BirdClimateDataProcessor - INFO - Loading bird data from data/bird_data/processed/all_nestlings_cleaned.csv using Polars...
2024-09-26 22:15:12,835 - BirdClimateDataProcessor - INFO - Aggregating individual counts by eventDate, lat, and lon...
2024-09-26 22:15:12,839 - BirdClimateDataProcessor - INFO - Sorting aggregated data by lat, lon, and eventDate...
2024-09-26 22:15:12,839 - BirdClimateDataProcessor - INFO - Saving aggregated bird data to data/bird_data/processed/aggregated_bird_data_sorted.csv...
2024-09-26 22:15:12,840 - BirdClimateDataProcessor - INFO - Aggregation and sorting complete.
2024-09-26 22:15:12,840 - BirdClimateDataProcessor - INFO - Loading paired bird data from data/bird_data/processed/aggregated_bird_data_sorted.csv using Polars...
2024-09-26 22:15:12,840 - BirdClimateDataProcessor - INFO - Converting 'Date' column to datetime and stripping time part...
2024-09-26 22:15:12,841 - BirdClimateDataProcessor - INFO - Extracting unique bird coordinates...
2024-09-26 22:15:12,842 - BirdClimateDataProcessor - INFO - Initializing combined bird data...
2024-09-26 22:15:12,842 - BirdClimateDataProcessor - INFO - Processing climate variable: air_pressure...
2024-09-26 22:15:12,842 - BirdClimateDataProcessor - WARNING - Climate data file data/climate_data/raw/air_pressure.csv does not exist. Skipping.
2024-09-26 22:15:12,842 - BirdClimateDataProcessor - INFO - Processing climate variable: air_temperature...
2024-09-26 22:15:12,842 - BirdClimateDataProcessor - WARNING - Climate data file data/climate_data/raw/air_temperature.csv does not exist. Skipping.
2024-09-26 22:15:12,842 - BirdClimateDataProcessor - INFO - Processing climate variable: seawater_level...
2024-09-26 22:15:12,842 - BirdClimateDataProcessor - WARNING - Climate data file data/climate_data/raw/seawater_level.csv does not exist. Skipping.
2024-09-26 22:15:12,842 - BirdClimateDataProcessor - INFO - Processing climate variable: sea_temp...
2024-09-26 22:15:12,842 - BirdClimateDataProcessor - WARNING - Climate data file data/climate_data/raw/sea_temp.csv does not exist. Skipping.
2024-09-26 22:15:12,842 - BirdClimateDataProcessor - INFO - Processing climate variable: wave_height...
2024-09-26 22:15:12,842 - BirdClimateDataProcessor - WARNING - Climate data file data/climate_data/raw/wave_height.csv does not exist. Skipping.
2024-09-26 22:15:12,842 - BirdClimateDataProcessor - INFO - Processing climate variable: wind...
2024-09-26 22:15:12,843 - BirdClimateDataProcessor - WARNING - Climate data file data/climate_data/raw/wind.csv does not exist. Skipping.
2024-09-26 22:15:12,843 - BirdClimateDataProcessor - INFO - Saving paired bird and climate data to CSV...
2024-09-26 22:15:12,843 - BirdClimateDataProcessor - INFO - Pairing completed in 0.00 seconds.
2024-09-26 22:15:12,843 - BirdClimateDataProcessor - INFO - Bird-Climate Data Processing Pipeline Completed Successfully.
2024-09-26 22:17:30,542 - BirdClimateDataProcessor - INFO - Starting Bird-Climate Data Processing Pipeline...
2024-09-26 22:17:30,542 - BirdClimateDataProcessor - INFO - Loading raw bird data from data/bird_data/raw/occurrence.txt...
2024-09-26 22:17:31,106 - BirdClimateDataProcessor - INFO - Cleaning dataset...
2024-09-26 22:17:31,246 - BirdClimateDataProcessor - INFO - Cleaned bird data shape: (27989, 5)
2024-09-26 22:17:31,317 - BirdClimateDataProcessor - INFO - Loading bird data from data/bird_data/processed/all_nestlings_cleaned.csv using Polars...
2024-09-26 22:17:31,320 - BirdClimateDataProcessor - INFO - Aggregating individual counts by eventDate, lat, and lon...
2024-09-26 22:17:31,323 - BirdClimateDataProcessor - INFO - Sorting aggregated data by lat, lon, and eventDate...
2024-09-26 22:17:31,324 - BirdClimateDataProcessor - INFO - Saving aggregated bird data to data/bird_data/processed/aggregated_bird_data_sorted.csv...
2024-09-26 22:17:31,325 - BirdClimateDataProcessor - INFO - Aggregation and sorting complete.
2024-09-26 22:17:31,325 - BirdClimateDataProcessor - INFO - Loading paired bird data from data/bird_data/processed/aggregated_bird_data_sorted.csv using Polars...
2024-09-26 22:17:31,325 - BirdClimateDataProcessor - INFO - Converting 'Date' column to datetime and stripping time part...
2024-09-26 22:17:31,326 - BirdClimateDataProcessor - INFO - Extracting unique bird coordinates...
2024-09-26 22:17:31,327 - BirdClimateDataProcessor - INFO - Initializing combined bird data...
2024-09-26 22:17:31,327 - BirdClimateDataProcessor - INFO - Processing climate variable: air_pressure...
2024-09-26 22:17:31,327 - BirdClimateDataProcessor - WARNING - Climate data file data/climate_data/raw/air_pressure.csv does not exist. Skipping.
2024-09-26 22:17:31,327 - BirdClimateDataProcessor - INFO - Processing climate variable: air_temperature...
2024-09-26 22:17:31,327 - BirdClimateDataProcessor - WARNING - Climate data file data/climate_data/raw/air_temperature.csv does not exist. Skipping.
2024-09-26 22:17:31,327 - BirdClimateDataProcessor - INFO - Processing climate variable: seawater_level...
2024-09-26 22:17:31,327 - BirdClimateDataProcessor - WARNING - Climate data file data/climate_data/raw/seawater_level.csv does not exist. Skipping.
2024-09-26 22:17:31,327 - BirdClimateDataProcessor - INFO - Processing climate variable: sea_temp...
2024-09-26 22:17:31,327 - BirdClimateDataProcessor - WARNING - Climate data file data/climate_data/raw/sea_temp.csv does not exist. Skipping.
2024-09-26 22:17:31,327 - BirdClimateDataProcessor - INFO - Processing climate variable: wave_height...
2024-09-26 22:17:31,328 - BirdClimateDataProcessor - WARNING - Climate data file data/climate_data/raw/wave_height.csv does not exist. Skipping.
2024-09-26 22:17:31,328 - BirdClimateDataProcessor - INFO - Processing climate variable: wind...
2024-09-26 22:17:31,328 - BirdClimateDataProcessor - WARNING - Climate data file data/climate_data/raw/wind.csv does not exist. Skipping.
2024-09-26 22:17:31,328 - BirdClimateDataProcessor - INFO - Saving paired bird and climate data to CSV...
2024-09-26 22:17:31,328 - BirdClimateDataProcessor - INFO - Pairing completed in 0.00 seconds.
2024-09-26 22:17:31,328 - BirdClimateDataProcessor - INFO - Bird-Climate Data Processing Pipeline Completed Successfully.
2024-09-26 22:17:45,271 - BirdClimateDataProcessor - INFO - Starting Bird-Climate Data Processing Pipeline...
2024-09-26 22:17:45,271 - BirdClimateDataProcessor - INFO - Loading raw bird data from data/bird_data/raw/occurrence.txt...
2024-09-26 22:17:45,824 - BirdClimateDataProcessor - INFO - Cleaning dataset...
2024-09-26 22:17:45,962 - BirdClimateDataProcessor - INFO - Cleaned bird data shape: (27989, 5)
2024-09-26 22:17:46,031 - BirdClimateDataProcessor - INFO - Loading bird data from data/bird_data/processed/all_nestlings_cleaned.csv using Polars...
2024-09-26 22:17:46,035 - BirdClimateDataProcessor - INFO - Aggregating individual counts by eventDate, lat, and lon...
2024-09-26 22:17:46,038 - BirdClimateDataProcessor - INFO - Sorting aggregated data by lat, lon, and eventDate...
2024-09-26 22:17:46,039 - BirdClimateDataProcessor - INFO - Saving aggregated bird data to data/bird_data/processed/aggregated_bird_data_sorted.csv...
2024-09-26 22:17:46,039 - BirdClimateDataProcessor - INFO - Aggregation and sorting complete.
2024-09-26 22:17:46,039 - BirdClimateDataProcessor - INFO - Loading paired bird data from data/bird_data/processed/aggregated_bird_data_sorted.csv using Polars...
2024-09-26 22:17:46,040 - BirdClimateDataProcessor - INFO - Converting 'Date' column to datetime and stripping time part...
2024-09-26 22:17:46,040 - BirdClimateDataProcessor - INFO - Extracting unique bird coordinates...
2024-09-26 22:17:46,041 - BirdClimateDataProcessor - INFO - Initializing combined bird data...
2024-09-26 22:17:46,041 - BirdClimateDataProcessor - INFO - Processing climate variable: air_pressure...
2024-09-26 22:17:46,076 - BirdClimateDataProcessor - INFO - Converting 'Date' column to datetime for air_pressure...
2024-09-26 22:22:20,223 - BirdClimateDataProcessor - INFO - Starting Bird-Climate Data Processing Pipeline...
2024-09-26 22:22:20,223 - BirdClimateDataProcessor - INFO - Loading raw bird data from data/bird_data/raw/occurrence.txt...
2024-09-26 22:22:20,812 - BirdClimateDataProcessor - INFO - Cleaning dataset...
2024-09-26 22:22:20,958 - BirdClimateDataProcessor - INFO - Cleaned bird data shape: (27989, 5)
2024-09-26 22:22:21,028 - BirdClimateDataProcessor - INFO - Loading bird data from data/bird_data/processed/all_nestlings_cleaned.csv using Polars...
2024-09-26 22:22:21,032 - BirdClimateDataProcessor - INFO - Aggregating individual counts by eventDate, lat, and lon...
2024-09-26 22:22:21,036 - BirdClimateDataProcessor - INFO - Sorting aggregated data by lat, lon, and eventDate...
2024-09-26 22:22:21,036 - BirdClimateDataProcessor - INFO - Saving aggregated bird data to data/bird_data/processed/aggregated_bird_data_sorted.csv...
2024-09-26 22:22:21,037 - BirdClimateDataProcessor - INFO - Aggregation and sorting complete.
2024-09-26 22:22:21,037 - BirdClimateDataProcessor - INFO - Loading paired bird data from data/bird_data/processed/aggregated_bird_data_sorted.csv using Polars...
2024-09-26 22:22:21,037 - BirdClimateDataProcessor - INFO - Converting 'eventDate' column to datetime and renaming to 'Date'...
2024-09-26 22:23:40,702 - BirdClimateDataProcessor - INFO - Starting Bird-Climate Data Processing Pipeline...
2024-09-26 22:23:40,702 - BirdClimateDataProcessor - INFO - Loading raw bird data from data/bird_data/raw/occurrence.txt...
2024-09-26 22:23:41,262 - BirdClimateDataProcessor - INFO - Cleaning dataset...
2024-09-26 22:23:41,413 - BirdClimateDataProcessor - INFO - Cleaned bird data shape: (27989, 5)
2024-09-26 22:23:41,484 - BirdClimateDataProcessor - INFO - Loading bird data from data/bird_data/processed/all_nestlings_cleaned.csv using Polars...
2024-09-26 22:23:41,488 - BirdClimateDataProcessor - INFO - Aggregating individual counts by eventDate, lat, and lon...
2024-09-26 22:23:41,491 - BirdClimateDataProcessor - INFO - Sorting aggregated data by lat, lon, and eventDate...
2024-09-26 22:23:41,492 - BirdClimateDataProcessor - INFO - Saving aggregated bird data to data/bird_data/processed/aggregated_bird_data_sorted.csv...
2024-09-26 22:23:41,493 - BirdClimateDataProcessor - INFO - Aggregation and sorting complete.
2024-09-26 22:23:41,493 - BirdClimateDataProcessor - INFO - Loading paired bird data from data/bird_data/processed/aggregated_bird_data_sorted.csv using Polars...
2024-09-26 22:23:41,493 - BirdClimateDataProcessor - INFO - Converting 'eventDate' column to datetime and renaming to 'Date'...
2024-09-26 22:26:08,216 - BirdClimateDataProcessor - INFO - Starting Bird-Climate Data Processing Pipeline...
2024-09-26 22:26:08,216 - BirdClimateDataProcessor - INFO - Loading raw bird data from data/bird_data/raw/occurrence.txt...
2024-09-26 22:26:08,769 - BirdClimateDataProcessor - INFO - Cleaning dataset...
2024-09-26 22:26:08,924 - BirdClimateDataProcessor - INFO - Cleaned bird data shape: (27989, 5)
2024-09-26 22:26:08,995 - BirdClimateDataProcessor - INFO - Loading bird data from data/bird_data/processed/all_nestlings_cleaned.csv using Polars...
2024-09-26 22:26:08,999 - BirdClimateDataProcessor - INFO - Aggregating individual counts by eventDate, lat, and lon...
2024-09-26 22:26:09,004 - BirdClimateDataProcessor - INFO - Sorting aggregated data by lat, lon, and eventDate...
2024-09-26 22:26:09,004 - BirdClimateDataProcessor - INFO - Saving aggregated bird data to data/bird_data/processed/aggregated_bird_data_sorted.csv...
2024-09-26 22:26:09,005 - BirdClimateDataProcessor - INFO - Aggregation and sorting complete.
2024-09-26 22:26:09,005 - BirdClimateDataProcessor - INFO - Loading paired bird data from data/bird_data/processed/aggregated_bird_data_sorted.csv using Polars...
2024-09-26 22:26:09,006 - BirdClimateDataProcessor - INFO - Converting 'eventDate' column to datetime and renaming to 'Date'...
2024-09-26 22:27:15,871 - BirdClimateDataProcessor - INFO - Starting Bird-Climate Data Processing Pipeline...
2024-09-26 22:27:15,871 - BirdClimateDataProcessor - INFO - Loading raw bird data from data/bird_data/raw/occurrence.txt...
2024-09-26 22:27:16,440 - BirdClimateDataProcessor - INFO - Cleaning dataset...
2024-09-26 22:27:16,611 - BirdClimateDataProcessor - INFO - Cleaned bird data shape: (27989, 5)
2024-09-26 22:27:16,680 - BirdClimateDataProcessor - INFO - Loading bird data from data/bird_data/processed/all_nestlings_cleaned.csv using Polars...
2024-09-26 22:27:16,684 - BirdClimateDataProcessor - INFO - Aggregating individual counts by eventDate, lat, and lon...
2024-09-26 22:27:16,688 - BirdClimateDataProcessor - INFO - Sorting aggregated data by lat, lon, and eventDate...
2024-09-26 22:27:16,689 - BirdClimateDataProcessor - INFO - Saving aggregated bird data to data/bird_data/processed/aggregated_bird_data_sorted.csv...
2024-09-26 22:27:16,689 - BirdClimateDataProcessor - INFO - Aggregation and sorting complete.
2024-09-26 22:27:16,689 - BirdClimateDataProcessor - INFO - Loading paired bird data from data/bird_data/processed/aggregated_bird_data_sorted.csv using Polars...
2024-09-26 22:27:16,690 - BirdClimateDataProcessor - INFO - Converting 'eventDate' column to datetime and renaming to 'Date'...
2024-09-26 22:27:16,691 - BirdClimateDataProcessor - INFO - Extracting unique bird coordinates...
2024-09-26 22:27:16,692 - BirdClimateDataProcessor - INFO - Initializing combined bird data...
2024-09-26 22:27:16,692 - BirdClimateDataProcessor - INFO - Processing climate variable: air_pressure...
2024-09-26 22:27:16,692 - BirdClimateDataProcessor - INFO - Loading climate data from data/climate_data/processed/air_pressure.csv...
2024-09-26 22:27:16,717 - BirdClimateDataProcessor - INFO - Converting 'Date' column to datetime for air_pressure...
2024-09-26 22:27:16,719 - BirdClimateDataProcessor - INFO - Extracting station coordinates from column names...
2024-09-26 22:27:16,719 - BirdClimateDataProcessor - INFO - Calculating distances using Haversine formula...
2024-09-26 22:28:50,792 - BirdClimateDataProcessor - INFO - Starting Bird-Climate Data Processing Pipeline...
2024-09-26 22:28:50,792 - BirdClimateDataProcessor - INFO - Loading raw bird data from data/bird_data/raw/occurrence.txt...
2024-09-26 22:28:51,337 - BirdClimateDataProcessor - INFO - Cleaning dataset...
2024-09-26 22:28:51,513 - BirdClimateDataProcessor - INFO - Cleaned bird data shape: (27989, 5)
2024-09-26 22:28:51,587 - BirdClimateDataProcessor - INFO - Loading bird data from data/bird_data/processed/all_nestlings_cleaned.csv using Polars...
2024-09-26 22:28:51,590 - BirdClimateDataProcessor - INFO - Aggregating individual counts by eventDate, lat, and lon...
2024-09-26 22:28:51,593 - BirdClimateDataProcessor - INFO - Sorting aggregated data by lat, lon, and eventDate...
2024-09-26 22:28:51,594 - BirdClimateDataProcessor - INFO - Saving aggregated bird data to data/bird_data/processed/aggregated_bird_data_sorted.csv...
2024-09-26 22:28:51,594 - BirdClimateDataProcessor - INFO - Aggregation and sorting complete.
2024-09-26 22:29:18,333 - BirdClimateDataProcessor - INFO - Starting Bird-Climate Data Processing Pipeline...
2024-09-26 22:29:18,333 - BirdClimateDataProcessor - INFO - Loading raw bird data from data/bird_data/raw/occurrence.txt...
2024-09-26 22:29:18,892 - BirdClimateDataProcessor - INFO - Cleaning dataset...
2024-09-26 22:29:19,043 - BirdClimateDataProcessor - INFO - Cleaned bird data shape: (27989, 5)
2024-09-26 22:29:19,115 - BirdClimateDataProcessor - INFO - Loading bird data from data/bird_data/processed/all_nestlings_cleaned.csv using Polars...
2024-09-26 22:29:19,119 - BirdClimateDataProcessor - INFO - Aggregating individual counts by eventDate, lat, and lon...
2024-09-26 22:29:19,122 - BirdClimateDataProcessor - INFO - Sorting aggregated data by lat, lon, and eventDate...
2024-09-26 22:29:19,123 - BirdClimateDataProcessor - INFO - Saving aggregated bird data to data/bird_data/processed/aggregated_bird_data_sorted.csv...
2024-09-26 22:29:19,124 - BirdClimateDataProcessor - INFO - Aggregation and sorting complete.
2024-09-26 22:29:19,124 - BirdClimateDataProcessor - INFO - Loading paired bird data from data/bird_data/processed/aggregated_bird_data_sorted.csv using Polars...
2024-09-26 22:29:19,124 - BirdClimateDataProcessor - INFO - Converting 'eventDate' column to datetime and renaming to 'Date'...
2024-09-26 22:29:19,125 - BirdClimateDataProcessor - INFO - Extracting unique bird coordinates...
2024-09-26 22:29:19,126 - BirdClimateDataProcessor - INFO - Initializing combined bird data...
2024-09-26 22:29:19,126 - BirdClimateDataProcessor - INFO - Processing climate variable: air_pressure...
2024-09-26 22:29:19,126 - BirdClimateDataProcessor - INFO - Loading climate data from data/climate_data/processed/air_pressure.csv...
2024-09-26 22:29:19,156 - BirdClimateDataProcessor - INFO - Converting 'Date' column to datetime for air_pressure...
2024-09-26 22:29:19,158 - BirdClimateDataProcessor - INFO - Extracting station coordinates from column names...
2024-09-26 22:29:19,158 - BirdClimateDataProcessor - INFO - Calculating distances using Haversine formula...
2024-09-26 22:29:19,158 - BirdClimateDataProcessor - INFO - Identifying nearest stations for each bird location...
2024-09-26 22:29:19,159 - BirdClimateDataProcessor - INFO - Creating DataFrame for nearest station information...
2024-09-26 22:29:19,159 - BirdClimateDataProcessor - INFO - Filtering stations with distance <= 20.0 km...
2024-09-26 22:29:19,159 - BirdClimateDataProcessor - INFO - Merging nearest station information with bird data...
2024-09-26 22:29:19,160 - BirdClimateDataProcessor - INFO - Processing climate variable: air_temperature...
2024-09-26 22:29:19,160 - BirdClimateDataProcessor - INFO - Loading climate data from data/climate_data/processed/air_temperature.csv...
2024-09-26 22:29:19,207 - BirdClimateDataProcessor - INFO - Converting 'Date' column to datetime for air_temperature...
2024-09-26 22:29:19,209 - BirdClimateDataProcessor - INFO - Extracting station coordinates from column names...
2024-09-26 22:29:19,209 - BirdClimateDataProcessor - INFO - Calculating distances using Haversine formula...
2024-09-26 22:29:19,210 - BirdClimateDataProcessor - INFO - Identifying nearest stations for each bird location...
2024-09-26 22:29:19,210 - BirdClimateDataProcessor - INFO - Creating DataFrame for nearest station information...
2024-09-26 22:29:19,211 - BirdClimateDataProcessor - INFO - Filtering stations with distance <= 20.0 km...
2024-09-26 22:29:19,211 - BirdClimateDataProcessor - INFO - Merging nearest station information with bird data...
2024-09-26 22:29:19,211 - BirdClimateDataProcessor - INFO - Processing climate variable: seawater_level...
2024-09-26 22:29:19,211 - BirdClimateDataProcessor - INFO - Loading climate data from data/climate_data/processed/seawater_level.csv...
2024-09-26 22:29:19,249 - BirdClimateDataProcessor - INFO - Converting 'Date' column to datetime for seawater_level...
2024-09-26 22:29:19,252 - BirdClimateDataProcessor - INFO - Extracting station coordinates from column names...
2024-09-26 22:29:19,252 - BirdClimateDataProcessor - INFO - Calculating distances using Haversine formula...
2024-09-26 22:29:19,253 - BirdClimateDataProcessor - INFO - Identifying nearest stations for each bird location...
2024-09-26 22:29:19,253 - BirdClimateDataProcessor - INFO - Creating DataFrame for nearest station information...
2024-09-26 22:29:19,253 - BirdClimateDataProcessor - INFO - Filtering stations with distance <= 20.0 km...
2024-09-26 22:29:19,253 - BirdClimateDataProcessor - INFO - Merging nearest station information with bird data...
2024-09-26 22:29:19,254 - BirdClimateDataProcessor - INFO - Processing climate variable: sea_temp...
2024-09-26 22:29:19,254 - BirdClimateDataProcessor - INFO - Loading climate data from data/climate_data/processed/sea_temp.csv...
2024-09-26 22:29:20,219 - BirdClimateDataProcessor - INFO - Converting 'Date' column to datetime for sea_temp...
2024-09-26 22:29:20,230 - BirdClimateDataProcessor - INFO - Extracting station coordinates from column names...
2024-09-26 22:29:20,231 - BirdClimateDataProcessor - INFO - Calculating distances using Haversine formula...
2024-09-26 22:29:20,231 - BirdClimateDataProcessor - INFO - Identifying nearest stations for each bird location...
2024-09-26 22:29:20,232 - BirdClimateDataProcessor - INFO - Creating DataFrame for nearest station information...
2024-09-26 22:29:20,232 - BirdClimateDataProcessor - INFO - Filtering stations with distance <= 20.0 km...
2024-09-26 22:29:20,232 - BirdClimateDataProcessor - INFO - Merging nearest station information with bird data...
2024-09-26 22:29:20,233 - BirdClimateDataProcessor - INFO - Processing climate variable: wave_height...
2024-09-26 22:29:20,233 - BirdClimateDataProcessor - INFO - Loading climate data from data/climate_data/processed/wave_height.csv...
2024-09-26 22:29:20,289 - BirdClimateDataProcessor - INFO - Converting 'Date' column to datetime for wave_height...
2024-09-26 22:29:20,290 - BirdClimateDataProcessor - INFO - Extracting station coordinates from column names...
2024-09-26 22:29:20,291 - BirdClimateDataProcessor - INFO - Calculating distances using Haversine formula...
2024-09-26 22:29:20,291 - BirdClimateDataProcessor - INFO - Identifying nearest stations for each bird location...
2024-09-26 22:29:20,291 - BirdClimateDataProcessor - INFO - Creating DataFrame for nearest station information...
2024-09-26 22:29:20,291 - BirdClimateDataProcessor - INFO - Filtering stations with distance <= 20.0 km...
2024-09-26 22:29:20,292 - BirdClimateDataProcessor - INFO - Merging nearest station information with bird data...
2024-09-26 22:29:20,292 - BirdClimateDataProcessor - INFO - Processing climate variable: wind...
2024-09-26 22:29:20,292 - BirdClimateDataProcessor - INFO - Loading climate data from data/climate_data/processed/wind.csv...
2024-09-26 22:29:20,355 - BirdClimateDataProcessor - INFO - Converting 'Date' column to datetime for wind...
2024-09-26 22:29:20,358 - BirdClimateDataProcessor - INFO - Extracting station coordinates from column names...
2024-09-26 22:29:20,358 - BirdClimateDataProcessor - INFO - Calculating distances using Haversine formula...
2024-09-26 22:29:20,359 - BirdClimateDataProcessor - INFO - Identifying nearest stations for each bird location...
2024-09-26 22:29:20,359 - BirdClimateDataProcessor - INFO - Creating DataFrame for nearest station information...
2024-09-26 22:29:20,359 - BirdClimateDataProcessor - INFO - Filtering stations with distance <= 20.0 km...
2024-09-26 22:29:20,360 - BirdClimateDataProcessor - INFO - Merging nearest station information with bird data...
2024-09-26 22:29:20,360 - BirdClimateDataProcessor - INFO - Saving paired bird and climate data to CSV...
2024-09-26 22:29:20,361 - BirdClimateDataProcessor - INFO - Pairing completed in 1.24 seconds.
2024-09-26 22:29:20,362 - BirdClimateDataProcessor - INFO - Bird-Climate Data Processing Pipeline Completed Successfully.
2024-09-26 22:32:10,398 - BirdClimateDataProcessor - INFO - Starting Bird-Climate Data Processing Pipeline...
2024-09-26 22:32:10,398 - BirdClimateDataProcessor - INFO - Loading raw bird data from data/bird_data/raw/occurrence.txt...
2024-09-26 22:32:10,949 - BirdClimateDataProcessor - INFO - Cleaning dataset...
2024-09-26 22:32:11,104 - BirdClimateDataProcessor - INFO - Cleaned bird data shape: (27989, 5)
2024-09-26 22:32:11,175 - BirdClimateDataProcessor - INFO - Loading bird data from data/bird_data/processed/all_nestlings_cleaned.csv using Polars...
2024-09-26 22:32:11,179 - BirdClimateDataProcessor - INFO - Aggregating individual counts by eventDate, lat, and lon...
2024-09-26 22:32:11,183 - BirdClimateDataProcessor - INFO - Sorting aggregated data by lat, lon, and eventDate...
2024-09-26 22:32:11,183 - BirdClimateDataProcessor - INFO - Saving aggregated bird data to data/bird_data/processed/aggregated_bird_data_sorted.csv...
2024-09-26 22:32:11,184 - BirdClimateDataProcessor - INFO - Aggregation and sorting complete.
2024-09-26 22:32:11,184 - BirdClimateDataProcessor - INFO - Loading paired bird data from data/bird_data/processed/aggregated_bird_data_sorted.csv using Polars...
2024-09-26 22:32:11,184 - BirdClimateDataProcessor - INFO - Converting 'eventDate' column to datetime and renaming to 'Date'...
2024-09-26 22:32:11,185 - BirdClimateDataProcessor - INFO - Extracting unique bird coordinates...
2024-09-26 22:32:11,186 - BirdClimateDataProcessor - INFO - Initializing combined bird data...
2024-09-26 22:32:11,186 - BirdClimateDataProcessor - INFO - Processing climate variable: air_pressure...
2024-09-26 22:32:11,186 - BirdClimateDataProcessor - INFO - Loading climate data from data/climate_data/processed/air_pressure.csv...
2024-09-26 22:32:11,217 - BirdClimateDataProcessor - INFO - Converting 'Date' column to datetime for air_pressure...
2024-09-26 22:32:11,219 - BirdClimateDataProcessor - INFO - Extracting station coordinates from column names...
2024-09-26 22:32:11,219 - BirdClimateDataProcessor - INFO - Calculating distances using Haversine formula...
2024-09-26 22:32:11,219 - BirdClimateDataProcessor - INFO - Identifying nearest stations for each bird location...
2024-09-26 22:32:11,220 - BirdClimateDataProcessor - INFO - Creating DataFrame for nearest station information...
2024-09-26 22:32:11,220 - BirdClimateDataProcessor - INFO - Filtering stations with distance <= 20.0 km...
2024-09-26 22:32:11,220 - BirdClimateDataProcessor - INFO - Merging nearest station information with bird data...
2024-09-26 22:32:11,221 - BirdClimateDataProcessor - INFO - Processing climate variable: air_temperature...
2024-09-26 22:32:11,221 - BirdClimateDataProcessor - INFO - Loading climate data from data/climate_data/processed/air_temperature.csv...
2024-09-26 22:32:11,263 - BirdClimateDataProcessor - INFO - Converting 'Date' column to datetime for air_temperature...
2024-09-26 22:32:11,265 - BirdClimateDataProcessor - INFO - Extracting station coordinates from column names...
2024-09-26 22:32:11,266 - BirdClimateDataProcessor - INFO - Calculating distances using Haversine formula...
2024-09-26 22:32:11,267 - BirdClimateDataProcessor - INFO - Identifying nearest stations for each bird location...
2024-09-26 22:32:11,267 - BirdClimateDataProcessor - INFO - Creating DataFrame for nearest station information...
2024-09-26 22:32:11,267 - BirdClimateDataProcessor - INFO - Filtering stations with distance <= 20.0 km...
2024-09-26 22:32:11,268 - BirdClimateDataProcessor - INFO - Merging nearest station information with bird data...
2024-09-26 22:32:11,268 - BirdClimateDataProcessor - INFO - Processing climate variable: seawater_level...
2024-09-26 22:32:11,268 - BirdClimateDataProcessor - INFO - Loading climate data from data/climate_data/processed/seawater_level.csv...
2024-09-26 22:32:11,301 - BirdClimateDataProcessor - INFO - Converting 'Date' column to datetime for seawater_level...
2024-09-26 22:32:11,303 - BirdClimateDataProcessor - INFO - Extracting station coordinates from column names...
2024-09-26 22:32:11,303 - BirdClimateDataProcessor - INFO - Calculating distances using Haversine formula...
2024-09-26 22:32:11,304 - BirdClimateDataProcessor - INFO - Identifying nearest stations for each bird location...
2024-09-26 22:32:11,304 - BirdClimateDataProcessor - INFO - Creating DataFrame for nearest station information...
2024-09-26 22:32:11,305 - BirdClimateDataProcessor - INFO - Filtering stations with distance <= 20.0 km...
2024-09-26 22:32:11,305 - BirdClimateDataProcessor - INFO - Merging nearest station information with bird data...
2024-09-26 22:32:11,305 - BirdClimateDataProcessor - INFO - Processing climate variable: sea_temp...
2024-09-26 22:32:11,305 - BirdClimateDataProcessor - INFO - Loading climate data from data/climate_data/processed/sea_temp.csv...
2024-09-26 22:32:12,255 - BirdClimateDataProcessor - INFO - Converting 'Date' column to datetime for sea_temp...
2024-09-26 22:32:12,268 - BirdClimateDataProcessor - INFO - Extracting station coordinates from column names...
2024-09-26 22:32:12,268 - BirdClimateDataProcessor - INFO - Calculating distances using Haversine formula...
2024-09-26 22:32:12,269 - BirdClimateDataProcessor - INFO - Identifying nearest stations for each bird location...
2024-09-26 22:32:12,269 - BirdClimateDataProcessor - INFO - Creating DataFrame for nearest station information...
2024-09-26 22:32:12,269 - BirdClimateDataProcessor - INFO - Filtering stations with distance <= 20.0 km...
2024-09-26 22:32:12,270 - BirdClimateDataProcessor - INFO - Merging nearest station information with bird data...
2024-09-26 22:32:12,270 - BirdClimateDataProcessor - INFO - Processing climate variable: wave_height...
2024-09-26 22:32:12,270 - BirdClimateDataProcessor - INFO - Loading climate data from data/climate_data/processed/wave_height.csv...
2024-09-26 22:32:12,323 - BirdClimateDataProcessor - INFO - Converting 'Date' column to datetime for wave_height...
2024-09-26 22:32:12,325 - BirdClimateDataProcessor - INFO - Extracting station coordinates from column names...
2024-09-26 22:32:12,325 - BirdClimateDataProcessor - INFO - Calculating distances using Haversine formula...
2024-09-26 22:32:12,325 - BirdClimateDataProcessor - INFO - Identifying nearest stations for each bird location...
2024-09-26 22:32:12,325 - BirdClimateDataProcessor - INFO - Creating DataFrame for nearest station information...
2024-09-26 22:32:12,325 - BirdClimateDataProcessor - INFO - Filtering stations with distance <= 20.0 km...
2024-09-26 22:32:12,326 - BirdClimateDataProcessor - INFO - Merging nearest station information with bird data...
2024-09-26 22:32:12,326 - BirdClimateDataProcessor - INFO - Processing climate variable: wind...
2024-09-26 22:32:12,326 - BirdClimateDataProcessor - INFO - Loading climate data from data/climate_data/processed/wind.csv...
2024-09-26 22:32:12,367 - BirdClimateDataProcessor - INFO - Converting 'Date' column to datetime for wind...
2024-09-26 22:32:12,369 - BirdClimateDataProcessor - INFO - Extracting station coordinates from column names...
2024-09-26 22:32:12,369 - BirdClimateDataProcessor - INFO - Calculating distances using Haversine formula...
2024-09-26 22:32:12,370 - BirdClimateDataProcessor - INFO - Identifying nearest stations for each bird location...
2024-09-26 22:32:12,370 - BirdClimateDataProcessor - INFO - Creating DataFrame for nearest station information...
2024-09-26 22:32:12,371 - BirdClimateDataProcessor - INFO - Filtering stations with distance <= 20.0 km...
2024-09-26 22:32:12,371 - BirdClimateDataProcessor - INFO - Merging nearest station information with bird data...
2024-09-26 22:32:12,371 - BirdClimateDataProcessor - INFO - Saving paired bird and climate data to data/combined_data/processed/paired_birds_all_climate_data.csv...
2024-09-26 22:32:12,372 - BirdClimateDataProcessor - INFO - Pairing completed in 1.19 seconds.
2024-09-26 22:32:12,373 - BirdClimateDataProcessor - INFO - Bird-Climate Data Processing Pipeline Completed Successfully.
2024-09-26 22:33:17,359 - BirdClimateDataProcessor - INFO - Starting Bird-Climate Data Processing Pipeline...
2024-09-26 22:33:17,359 - BirdClimateDataProcessor - INFO - Loading raw bird data from data/bird_data/raw/occurrence.txt...
2024-09-26 22:33:17,918 - BirdClimateDataProcessor - INFO - Cleaning dataset...
2024-09-26 22:33:18,058 - BirdClimateDataProcessor - INFO - Cleaned bird data shape: (27989, 5)
2024-09-26 22:33:18,129 - BirdClimateDataProcessor - INFO - Loading bird data from data/bird_data/processed/all_nestlings_cleaned.csv using Polars...
2024-09-26 22:33:18,132 - BirdClimateDataProcessor - INFO - Aggregating individual counts by eventDate, lat, and lon...
2024-09-26 22:33:18,136 - BirdClimateDataProcessor - INFO - Sorting aggregated data by lat, lon, and eventDate...
2024-09-26 22:33:18,136 - BirdClimateDataProcessor - INFO - Saving aggregated bird data to data/bird_data/processed/aggregated_bird_data_sorted.csv...
2024-09-26 22:33:18,137 - BirdClimateDataProcessor - INFO - Aggregation and sorting complete.
2024-09-26 22:33:18,137 - BirdClimateDataProcessor - INFO - Loading paired bird data from data/bird_data/processed/aggregated_bird_data_sorted.csv using Polars...
2024-09-26 22:33:18,137 - BirdClimateDataProcessor - INFO - Converting 'eventDate' column to datetime and renaming to 'Date'...
2024-09-26 22:33:18,138 - BirdClimateDataProcessor - INFO - Extracting unique bird coordinates...
2024-09-26 22:33:18,139 - BirdClimateDataProcessor - INFO - Initializing combined bird data...
2024-09-26 22:33:18,139 - BirdClimateDataProcessor - INFO - Processing climate variable: air_pressure...
2024-09-26 22:33:18,139 - BirdClimateDataProcessor - INFO - Loading climate data from data/climate_data/processed/air_pressure.csv...
2024-09-26 22:33:18,174 - BirdClimateDataProcessor - INFO - Converting 'Date' column to datetime for air_pressure...
2024-09-26 22:33:18,177 - BirdClimateDataProcessor - INFO - Extracting station coordinates from column names...
2024-09-26 22:33:18,177 - BirdClimateDataProcessor - INFO - Calculating distances using Haversine formula...
2024-09-26 22:33:18,178 - BirdClimateDataProcessor - INFO - Identifying nearest stations for each bird location...
2024-09-26 22:33:18,178 - BirdClimateDataProcessor - INFO - Creating DataFrame for nearest station information...
2024-09-26 22:33:18,179 - BirdClimateDataProcessor - INFO - Filtering stations with distance <= 20.0 km...
2024-09-26 22:33:18,179 - BirdClimateDataProcessor - INFO - Merging nearest station information with bird data...
2024-09-26 22:33:18,180 - BirdClimateDataProcessor - INFO - Processing climate variable: air_temperature...
2024-09-26 22:33:18,180 - BirdClimateDataProcessor - INFO - Loading climate data from data/climate_data/processed/air_temperature.csv...
2024-09-26 22:33:18,239 - BirdClimateDataProcessor - INFO - Converting 'Date' column to datetime for air_temperature...
2024-09-26 22:33:18,241 - BirdClimateDataProcessor - INFO - Extracting station coordinates from column names...
2024-09-26 22:33:18,241 - BirdClimateDataProcessor - INFO - Calculating distances using Haversine formula...
2024-09-26 22:33:18,242 - BirdClimateDataProcessor - INFO - Identifying nearest stations for each bird location...
2024-09-26 22:33:18,243 - BirdClimateDataProcessor - INFO - Creating DataFrame for nearest station information...
2024-09-26 22:33:18,243 - BirdClimateDataProcessor - INFO - Filtering stations with distance <= 20.0 km...
2024-09-26 22:33:18,243 - BirdClimateDataProcessor - INFO - Merging nearest station information with bird data...
2024-09-26 22:33:18,244 - BirdClimateDataProcessor - INFO - Processing climate variable: seawater_level...
2024-09-26 22:33:18,244 - BirdClimateDataProcessor - INFO - Loading climate data from data/climate_data/processed/seawater_level.csv...
2024-09-26 22:33:18,294 - BirdClimateDataProcessor - INFO - Converting 'Date' column to datetime for seawater_level...
2024-09-26 22:33:18,296 - BirdClimateDataProcessor - INFO - Extracting station coordinates from column names...
2024-09-26 22:33:18,296 - BirdClimateDataProcessor - INFO - Calculating distances using Haversine formula...
2024-09-26 22:33:18,297 - BirdClimateDataProcessor - INFO - Identifying nearest stations for each bird location...
2024-09-26 22:33:18,297 - BirdClimateDataProcessor - INFO - Creating DataFrame for nearest station information...
2024-09-26 22:33:18,297 - BirdClimateDataProcessor - INFO - Filtering stations with distance <= 20.0 km...
2024-09-26 22:33:18,298 - BirdClimateDataProcessor - INFO - Merging nearest station information with bird data...
2024-09-26 22:33:18,299 - BirdClimateDataProcessor - INFO - Processing climate variable: sea_temp...
2024-09-26 22:33:18,299 - BirdClimateDataProcessor - INFO - Loading climate data from data/climate_data/processed/sea_temp.csv...
2024-09-26 22:33:19,234 - BirdClimateDataProcessor - INFO - Converting 'Date' column to datetime for sea_temp...
2024-09-26 22:33:19,246 - BirdClimateDataProcessor - INFO - Extracting station coordinates from column names...
2024-09-26 22:33:19,246 - BirdClimateDataProcessor - INFO - Calculating distances using Haversine formula...
2024-09-26 22:33:19,247 - BirdClimateDataProcessor - INFO - Identifying nearest stations for each bird location...
2024-09-26 22:33:19,247 - BirdClimateDataProcessor - INFO - Creating DataFrame for nearest station information...
2024-09-26 22:33:19,248 - BirdClimateDataProcessor - INFO - Filtering stations with distance <= 20.0 km...
2024-09-26 22:33:19,248 - BirdClimateDataProcessor - INFO - Merging nearest station information with bird data...
2024-09-26 22:33:19,249 - BirdClimateDataProcessor - INFO - Processing climate variable: wave_height...
2024-09-26 22:33:19,249 - BirdClimateDataProcessor - INFO - Loading climate data from data/climate_data/processed/wave_height.csv...
2024-09-26 22:33:19,301 - BirdClimateDataProcessor - INFO - Converting 'Date' column to datetime for wave_height...
2024-09-26 22:33:19,302 - BirdClimateDataProcessor - INFO - Extracting station coordinates from column names...
2024-09-26 22:33:19,303 - BirdClimateDataProcessor - INFO - Calculating distances using Haversine formula...
2024-09-26 22:33:19,303 - BirdClimateDataProcessor - INFO - Identifying nearest stations for each bird location...
2024-09-26 22:33:19,303 - BirdClimateDataProcessor - INFO - Creating DataFrame for nearest station information...
2024-09-26 22:33:19,303 - BirdClimateDataProcessor - INFO - Filtering stations with distance <= 20.0 km...
2024-09-26 22:33:19,303 - BirdClimateDataProcessor - INFO - Merging nearest station information with bird data...
2024-09-26 22:33:19,304 - BirdClimateDataProcessor - INFO - Processing climate variable: wind...
2024-09-26 22:33:19,304 - BirdClimateDataProcessor - INFO - Loading climate data from data/climate_data/processed/wind.csv...
2024-09-26 22:33:19,342 - BirdClimateDataProcessor - INFO - Converting 'Date' column to datetime for wind...
2024-09-26 22:33:19,345 - BirdClimateDataProcessor - INFO - Extracting station coordinates from column names...
2024-09-26 22:33:19,345 - BirdClimateDataProcessor - INFO - Calculating distances using Haversine formula...
2024-09-26 22:33:19,346 - BirdClimateDataProcessor - INFO - Identifying nearest stations for each bird location...
2024-09-26 22:33:19,347 - BirdClimateDataProcessor - INFO - Creating DataFrame for nearest station information...
2024-09-26 22:33:19,347 - BirdClimateDataProcessor - INFO - Filtering stations with distance <= 20.0 km...
2024-09-26 22:33:19,347 - BirdClimateDataProcessor - INFO - Merging nearest station information with bird data...
2024-09-26 22:33:19,348 - BirdClimateDataProcessor - INFO - Saving paired bird and climate data to data/combined_data/processed/paired_birds_all_climate_data.csv...
2024-09-26 22:33:19,349 - BirdClimateDataProcessor - INFO - Pairing completed in 1.21 seconds.
2024-09-26 22:33:19,349 - BirdClimateDataProcessor - INFO - Bird-Climate Data Processing Pipeline Completed Successfully.
